admin    8.00 KiB
config  12.00 KiB
local    8.00 KiB
